2, 0, 0, 3, 3, 1, 2, 3, 3, 1, 2, 4, 3, 4, 5, 6, 
2, 0, 0, 3, 3, 1, 2, 3, 3, 1, 2, 4, 3, 4, 5, 6, 
2, 0, 0, 5, 3, 0, 1, 2, 3, 0, 1, 2, 3, 1, 2, 3, 3, 2, 3, 4, 3, 1, 2, 4, 
2, 0, 0, 5, 3, 0, 1, 3, 3, 2, 3, 4, 3, 0, 3, 4, 3, 0, 1, 4, 3, 1, 2, 4, 
2, 0, 0, 5, 3, 0, 3, 4, 3, 0, 3, 4, 3, 0, 1, 2, 3, 1, 3, 4, 3, 0, 2, 4, 
2, 0, 0, 5, 3, 0, 1, 3, 3, 0, 1, 2, 3, 0, 1, 3, 3, 1, 2, 3, 3, 0, 1, 2, 
2, 0, 0, 3, 3, 1, 2, 3, 3, 1, 2, 4, 3, 4, 5, 6, 
2, 0, 0, 3, 3, 1, 2, 3, 3, 1, 2, 4, 3, 4, 5, 6, 
2, 0, 0, 3, 3, 1, 2, 3, 3, 1, 2, 4, 3, 4, 5, 6, 
2, 0, 0, 3, 3, 1, 2, 3, 3, 1, 2, 4, 3, 4, 5, 6, 
2, 0, 0, 3, 3, 1, 2, 3, 3, 1, 2, 4, 3, 4, 5, 6, 
2, 0, 0, 3, 3, 1, 2, 3, 3, 1, 2, 4, 3, 4, 5, 6, 
2, 0, 0, 3, 3, 1, 3, 4, 3, 0, 2, 4, 3, 0, 2, 3, 
2, 0, 0, 4, 3, 0, 1, 3, 3, 0, 1, 3, 3, 0, 1, 2, 3, 0, 2, 3, 
2, 0, 0, 4, 3, 0, 1, 4, 3, 0, 2, 3, 3, 1, 2, 3, 3, 1, 2, 4, 
2, 0, 0, 4, 3, 0, 1, 3, 3, 0, 3, 4, 3, 0, 3, 4, 3, 0, 1, 4, 
2, 0, 0, 2, 3, 1, 2, 3, 3, 0, 2, 4, 
2, 0, 0, 2, 3, 0, 1, 2, 3, 0, 1, 4, 
2, 0, 0, 2, 3, 1, 3, 4, 3, 0, 1, 3, 
2, 0, 0, 2, 3, 0, 2, 4, 3, 2, 3, 4, 
1, 0, 0, 2, 3, 1, 2, 3, 3, 0, 2, 4, 
1, 0, 0, 2, 3, 2, 3, 4, 3, 1, 2, 4, 
1, 0, 0, 2, 3, 0, 1, 2, 3, 0, 1, 3, 
1, 0, 0, 2, 3, 2, 3, 4, 3, 1, 2, 4, 
1, 0, 0, 2, 3, 1, 3, 4, 3, 0, 1, 2, 
1, 0, 0, 2, 3, 1, 2, 4, 3, 0, 2, 4, 
1, 0, 0, 2, 3, 0, 2, 4, 3, 1, 2, 3, 
1, 0, 0, 2, 3, 0, 2, 3, 3, 1, 2, 4, 
